// Jest Snapshot v1, https://goo.gl/fbAQLP

exports[`<Calendars /> 스냅샷 1`] = `
<DocumentFragment>
  <div
    class="calendar calendar-lg Calendars"
  >
    <div
      class="calendar-nav navbar"
    >
      <button
        class="btn btn-action btn-link btn-lg"
        type="button"
      >
        <i
          class="icon icon-arrow-left"
        />
      </button>
      <div
        class="navbar-primary"
      >
        February 2020
      </div>
      <button
        class="btn btn-action btn-link btn-lg"
        type="button"
      >
        <i
          class="icon icon-arrow-right"
        />
      </button>
    </div>
    <div
      class="calendar-container"
    >
      <div
        class="calendar-header"
      >
        <div
          class="calendar-date"
          data-testid="calendarDate"
        >
          Sun
        </div>
        <div
          class="calendar-date"
          data-testid="calendarDate"
        >
          Mon
        </div>
        <div
          class="calendar-date"
          data-testid="calendarDate"
        >
          Tue
        </div>
        <div
          class="calendar-date"
          data-testid="calendarDate"
        >
          Wed
        </div>
        <div
          class="calendar-date"
          data-testid="calendarDate"
        >
          Thu
        </div>
        <div
          class="calendar-date"
          data-testid="calendarDate"
        >
          Fri
        </div>
        <div
          class="calendar-date"
          data-testid="calendarDate"
        >
          Sat
        </div>
      </div>
      <div
        class="calendar-body"
      >
        <div
          class="calendar-date prev-month"
          data-testid="calendarDate"
        >
          <button
            class="date-item"
            data-testid="dateItem"
            type="button"
          >
            26
          </button>
        </div>
        <div
          class="calendar-date prev-month"
          data-testid="calendarDate"
        >
          <button
            class="date-item"
            data-testid="dateItem"
            type="button"
          >
            27
          </button>
        </div>
        <div
          class="calendar-date prev-month"
          data-testid="calendarDate"
        >
          <button
            class="date-item"
            data-testid="dateItem"
            type="button"
          >
            28
          </button>
        </div>
        <div
          class="calendar-date prev-month"
          data-testid="calendarDate"
        >
          <button
            class="date-item"
            data-testid="dateItem"
            type="button"
          >
            29
          </button>
        </div>
        <div
          class="calendar-date prev-month"
          data-testid="calendarDate"
        >
          <button
            class="date-item"
            data-testid="dateItem"
            type="button"
          >
            30
          </button>
        </div>
        <div
          class="calendar-date prev-month"
          data-testid="calendarDate"
        >
          <button
            class="date-item"
            data-testid="dateItem"
            type="button"
          >
            31
          </button>
        </div>
        <div
          class="calendar-date"
          data-testid="calendarDate"
        >
          <button
            class="date-item"
            data-testid="dateItem"
            type="button"
          >
            1
          </button>
        </div>
        <div
          class="calendar-date"
          data-testid="calendarDate"
        >
          <button
            class="date-item"
            data-testid="dateItem"
            type="button"
          >
            2
          </button>
        </div>
        <div
          class="calendar-date"
          data-testid="calendarDate"
        >
          <button
            class="date-item"
            data-testid="dateItem"
            type="button"
          >
            3
          </button>
        </div>
        <div
          class="calendar-date"
          data-testid="calendarDate"
        >
          <button
            class="date-item"
            data-testid="dateItem"
            type="button"
          >
            4
          </button>
        </div>
        <div
          class="calendar-date"
          data-testid="calendarDate"
        >
          <button
            class="date-item"
            data-testid="dateItem"
            type="button"
          >
            5
          </button>
        </div>
        <div
          class="calendar-date"
          data-testid="calendarDate"
        >
          <button
            class="date-item"
            data-testid="dateItem"
            type="button"
          >
            6
          </button>
        </div>
        <div
          class="calendar-date"
          data-testid="calendarDate"
        >
          <button
            class="date-item"
            data-testid="dateItem"
            type="button"
          >
            7
          </button>
        </div>
        <div
          class="calendar-date"
          data-testid="calendarDate"
        >
          <button
            class="date-item"
            data-testid="dateItem"
            type="button"
          >
            8
          </button>
        </div>
        <div
          class="calendar-date"
          data-testid="calendarDate"
        >
          <button
            class="date-item"
            data-testid="dateItem"
            type="button"
          >
            9
          </button>
        </div>
        <div
          class="calendar-date"
          data-testid="calendarDate"
        >
          <button
            class="date-item"
            data-testid="dateItem"
            type="button"
          >
            10
          </button>
        </div>
        <div
          class="calendar-date"
          data-testid="calendarDate"
        >
          <button
            class="date-item"
            data-testid="dateItem"
            type="button"
          >
            11
          </button>
        </div>
        <div
          class="calendar-date"
          data-testid="calendarDate"
        >
          <button
            class="date-item"
            data-testid="dateItem"
            type="button"
          >
            12
          </button>
        </div>
        <div
          class="calendar-date"
          data-testid="calendarDate"
        >
          <button
            class="date-item"
            data-testid="dateItem"
            type="button"
          >
            13
          </button>
        </div>
        <div
          class="calendar-date"
          data-testid="calendarDate"
        >
          <button
            class="date-item"
            data-testid="dateItem"
            type="button"
          >
            14
          </button>
        </div>
        <div
          class="calendar-date"
          data-testid="calendarDate"
        >
          <button
            class="date-item"
            data-testid="dateItem"
            type="button"
          >
            15
          </button>
        </div>
        <div
          class="calendar-date"
          data-testid="calendarDate"
        >
          <button
            class="date-item"
            data-testid="dateItem"
            type="button"
          >
            16
          </button>
        </div>
        <div
          class="calendar-date"
          data-testid="calendarDate"
        >
          <button
            class="date-item"
            data-testid="dateItem"
            type="button"
          >
            17
          </button>
        </div>
        <div
          class="calendar-date"
          data-testid="calendarDate"
        >
          <button
            class="date-item"
            data-testid="dateItem"
            type="button"
          >
            18
          </button>
        </div>
        <div
          class="calendar-date"
          data-testid="calendarDate"
        >
          <button
            class="date-item"
            data-testid="dateItem"
            type="button"
          >
            19
          </button>
        </div>
        <div
          class="calendar-date"
          data-testid="calendarDate"
        >
          <button
            class="date-item"
            data-testid="dateItem"
            type="button"
          >
            20
          </button>
        </div>
        <div
          class="calendar-date"
          data-testid="calendarDate"
        >
          <button
            class="date-item"
            data-testid="dateItem"
            type="button"
          >
            21
          </button>
        </div>
        <div
          class="calendar-date"
          data-testid="calendarDate"
        >
          <button
            class="date-item"
            data-testid="dateItem"
            type="button"
          >
            22
          </button>
        </div>
        <div
          class="calendar-date"
          data-testid="calendarDate"
        >
          <button
            class="date-item"
            data-testid="dateItem"
            type="button"
          >
            23
          </button>
        </div>
        <div
          class="calendar-date"
          data-testid="calendarDate"
        >
          <button
            class="date-item"
            data-testid="dateItem"
            type="button"
          >
            24
          </button>
        </div>
        <div
          class="calendar-date"
          data-testid="calendarDate"
        >
          <button
            class="date-item"
            data-testid="dateItem"
            type="button"
          >
            25
          </button>
        </div>
        <div
          class="calendar-date"
          data-testid="calendarDate"
        >
          <button
            class="date-item"
            data-testid="dateItem"
            type="button"
          >
            26
          </button>
        </div>
        <div
          class="calendar-date"
          data-testid="calendarDate"
        >
          <button
            class="date-item"
            data-testid="dateItem"
            type="button"
          >
            27
          </button>
        </div>
        <div
          class="calendar-date"
          data-testid="calendarDate"
        >
          <button
            class="date-item"
            data-testid="dateItem"
            type="button"
          >
            28
          </button>
        </div>
        <div
          class="calendar-date"
          data-testid="calendarDate"
        >
          <button
            class="date-item"
            data-testid="dateItem"
            type="button"
          >
            29
          </button>
        </div>
        <div
          class="calendar-date next-month"
          data-testid="calendarDate"
        >
          <button
            class="date-item"
            data-testid="dateItem"
            type="button"
          >
            1
          </button>
        </div>
        <div
          class="calendar-date next-month"
          data-testid="calendarDate"
        >
          <button
            class="date-item"
            data-testid="dateItem"
            type="button"
          >
            2
          </button>
        </div>
        <div
          class="calendar-date next-month"
          data-testid="calendarDate"
        >
          <button
            class="date-item"
            data-testid="dateItem"
            type="button"
          >
            3
          </button>
        </div>
        <div
          class="calendar-date next-month"
          data-testid="calendarDate"
        >
          <button
            class="date-item"
            data-testid="dateItem"
            type="button"
          >
            4
          </button>
        </div>
        <div
          class="calendar-date next-month"
          data-testid="calendarDate"
        >
          <button
            class="date-item"
            data-testid="dateItem"
            type="button"
          >
            5
          </button>
        </div>
        <div
          class="calendar-date next-month"
          data-testid="calendarDate"
        >
          <button
            class="date-item"
            data-testid="dateItem"
            type="button"
          >
            6
          </button>
        </div>
        <div
          class="calendar-date next-month"
          data-testid="calendarDate"
        >
          <button
            class="date-item"
            data-testid="dateItem"
            type="button"
          >
            7
          </button>
        </div>
      </div>
    </div>
  </div>
</DocumentFragment>
`;
